// Jest Snapshot v1, https://goo.gl/fbAQLP

exports[`TabPanel component renders as expected 1`] = `ShallowWrapper {}`;
