// Jest Snapshot v1, https://goo.gl/fbAQLP

exports[`TabPanelDemo component renders as expected 1`] = `ShallowWrapper {}`;
