// Jest Snapshot v1, https://goo.gl/fbAQLP

exports[`AsideLeft component renders as expected 1`] = `ShallowWrapper {}`;
