// Jest Snapshot v1, https://goo.gl/fbAQLP

exports[`Notification component renders as expected 1`] = `ShallowWrapper {}`;
