// Jest Snapshot v1, https://goo.gl/fbAQLP

exports[`ProgressBar component renders as expected 1`] = `ShallowWrapper {}`;
