// Jest Snapshot v1, https://goo.gl/fbAQLP

exports[`Alert component renders as expected 1`] = `ShallowWrapper {}`;
