// Jest Snapshot v1, https://goo.gl/fbAQLP

exports[`Menu component renders as expected 1`] = `ShallowWrapper {}`;
