// Jest Snapshot v1, https://goo.gl/fbAQLP

exports[`TodoListItem component renders as expected 1`] = `ShallowWrapper {}`;
