// Jest Snapshot v1, https://goo.gl/fbAQLP

exports[`TableHeader component renders as expected 1`] = `ShallowWrapper {}`;
