// Jest Snapshot v1, https://goo.gl/fbAQLP

exports[`TodoListCommands component renders as expected 1`] = `ShallowWrapper {}`;
