// Jest Snapshot v1, https://goo.gl/fbAQLP

exports[`Breadcrumb component renders as expected 1`] = `ShallowWrapper {}`;
