// Jest Snapshot v1, https://goo.gl/fbAQLP

exports[`UserMenu component renders as expected 1`] = `ShallowWrapper {}`;
