// Jest Snapshot v1, https://goo.gl/fbAQLP

exports[`Stat component renders as expected 1`] = `ShallowWrapper {}`;
