// Jest Snapshot v1, https://goo.gl/fbAQLP

exports[`TodoList component renders as expected 1`] = `ShallowWrapper {}`;
