// Jest Snapshot v1, https://goo.gl/fbAQLP

exports[`MessageMenu component renders as expected 1`] = `ShallowWrapper {}`;
