// Jest Snapshot v1, https://goo.gl/fbAQLP

exports[`MenuHeader component renders as expected 1`] = `ShallowWrapper {}`;
