// Jest Snapshot v1, https://goo.gl/fbAQLP

exports[`StatsCard component renders as expected 1`] = `ShallowWrapper {}`;
