// Jest Snapshot v1, https://goo.gl/fbAQLP

exports[`BasicForms component renders as expected 1`] = `ShallowWrapper {}`;
