// Jest Snapshot v1, https://goo.gl/fbAQLP

exports[`Button component renders as expected 1`] = `ShallowWrapper {}`;
