// Jest Snapshot v1, https://goo.gl/fbAQLP

exports[`AnimatedView component renders as expected 1`] = `ShallowWrapper {}`;
