// Jest Snapshot v1, https://goo.gl/fbAQLP

exports[`Pagination component renders as expected 1`] = `ShallowWrapper {}`;
