// Jest Snapshot v1, https://goo.gl/fbAQLP

exports[`NotificationPanel component renders as expected 1`] = `ShallowWrapper {}`;
