// Jest Snapshot v1, https://goo.gl/fbAQLP

exports[`TaskMenu component renders as expected 1`] = `ShallowWrapper {}`;
