// Jest Snapshot v1, https://goo.gl/fbAQLP

exports[`TabPanelBody component renders as expected 1`] = `ShallowWrapper {}`;
