// Jest Snapshot v1, https://goo.gl/fbAQLP

exports[`TeamMember component renders as expected 1`] = `ShallowWrapper {}`;
