// Jest Snapshot v1, https://goo.gl/fbAQLP

exports[`TelephoneInput component renders as expected 1`] = `ShallowWrapper {}`;
