// Jest Snapshot v1, https://goo.gl/fbAQLP

exports[`TextAreaInput component renders as expected 1`] = `ShallowWrapper {}`;
