// Jest Snapshot v1, https://goo.gl/fbAQLP

exports[`SearchForm component renders as expected 1`] = `ShallowWrapper {}`;
