// Jest Snapshot v1, https://goo.gl/fbAQLP

exports[`Table component renders as expected 1`] = `ShallowWrapper {}`;
