// Jest Snapshot v1, https://goo.gl/fbAQLP

exports[`Panel component renders as expected 1`] = `ShallowWrapper {}`;
